// Jest Snapshot v1, https://goo.gl/fbAQLP

exports[`DateCell should render correctly 1`] = `
<div>
  <div
    class="w-[50px] h-9 bg-white hover:bg-[#e6e6e6]"
  >
    3æ—¥
  </div>
</div>
`;
